Analysis & Synthesis report for test_VGA
Thu Dec 17 20:32:20 2020
Quartus Prime Version 20.1.0 Build 711 06/05/2020 SJ Lite Edition


---------------------
; Table of Contents ;
---------------------
  1. Legal Notice
  2. Analysis & Synthesis Summary
  3. Analysis & Synthesis Settings
  4. Parallel Compilation
  5. Analysis & Synthesis Messages
  6. Analysis & Synthesis Suppressed Messages



----------------
; Legal Notice ;
----------------
Copyright (C) 2020  Intel Corporation. All rights reserved.
Your use of Intel Corporation's design tools, logic functions 
and other software and tools, and any partner logic 
functions, and any output files from any of the foregoing 
(including device programming or simulation files), and any 
associated documentation or information are expressly subject 
to the terms and conditions of the Intel Program License 
Subscription Agreement, the Intel Quartus Prime License Agreement,
the Intel FPGA IP License Agreement, or other applicable license
agreement, including, without limitation, that your use is for
the sole purpose of programming logic devices manufactured by
Intel and sold by Intel or its authorized distributors.  Please
refer to the applicable agreement for further details, at
https://fpgasoftware.intel.com/eula.



+----------------------------------------------------------------------------------+
; Analysis & Synthesis Summary                                                     ;
+------------------------------------+---------------------------------------------+
; Analysis & Synthesis Status        ; Failed - Thu Dec 17 20:32:20 2020           ;
; Quartus Prime Version              ; 20.1.0 Build 711 06/05/2020 SJ Lite Edition ;
; Revision Name                      ; test_VGA                                    ;
; Top-level Entity Name              ; test_VGA                                    ;
; Family                             ; Cyclone IV E                                ;
; Total logic elements               ; N/A until Partition Merge                   ;
;     Total combinational functions  ; N/A until Partition Merge                   ;
;     Dedicated logic registers      ; N/A until Partition Merge                   ;
; Total registers                    ; N/A until Partition Merge                   ;
; Total pins                         ; N/A until Partition Merge                   ;
; Total virtual pins                 ; N/A until Partition Merge                   ;
; Total memory bits                  ; N/A until Partition Merge                   ;
; Embedded Multiplier 9-bit elements ; N/A until Partition Merge                   ;
; Total PLLs                         ; N/A until Partition Merge                   ;
+------------------------------------+---------------------------------------------+


+------------------------------------------------------------------------------------------------------------+
; Analysis & Synthesis Settings                                                                              ;
+------------------------------------------------------------------+--------------------+--------------------+
; Option                                                           ; Setting            ; Default Value      ;
+------------------------------------------------------------------+--------------------+--------------------+
; Device                                                           ; EP4CE10E22C8       ;                    ;
; Top-level entity name                                            ; test_VGA           ; test_VGA           ;
; Family name                                                      ; Cyclone IV E       ; Cyclone V          ;
; Type of Retiming Performed During Resynthesis                    ; Full               ;                    ;
; Resynthesis Optimization Effort                                  ; Normal             ;                    ;
; Physical Synthesis Level for Resynthesis                         ; Normal             ;                    ;
; Use Generated Physical Constraints File                          ; On                 ;                    ;
; Use smart compilation                                            ; Off                ; Off                ;
; Enable parallel Assembler and Timing Analyzer during compilation ; On                 ; On                 ;
; Enable compact report table                                      ; Off                ; Off                ;
; Restructure Multiplexers                                         ; Auto               ; Auto               ;
; Create Debugging Nodes for IP Cores                              ; Off                ; Off                ;
; Preserve fewer node names                                        ; On                 ; On                 ;
; Intel FPGA IP Evaluation Mode                                    ; Enable             ; Enable             ;
; Verilog Version                                                  ; Verilog_2001       ; Verilog_2001       ;
; VHDL Version                                                     ; VHDL_1993          ; VHDL_1993          ;
; State Machine Processing                                         ; Auto               ; Auto               ;
; Safe State Machine                                               ; Off                ; Off                ;
; Extract Verilog State Machines                                   ; On                 ; On                 ;
; Extract VHDL State Machines                                      ; On                 ; On                 ;
; Ignore Verilog initial constructs                                ; Off                ; Off                ;
; Iteration limit for constant Verilog loops                       ; 5000               ; 5000               ;
; Iteration limit for non-constant Verilog loops                   ; 250                ; 250                ;
; Add Pass-Through Logic to Inferred RAMs                          ; On                 ; On                 ;
; Infer RAMs from Raw Logic                                        ; On                 ; On                 ;
; Parallel Synthesis                                               ; On                 ; On                 ;
; DSP Block Balancing                                              ; Auto               ; Auto               ;
; NOT Gate Push-Back                                               ; On                 ; On                 ;
; Power-Up Don't Care                                              ; On                 ; On                 ;
; Remove Redundant Logic Cells                                     ; Off                ; Off                ;
; Remove Duplicate Registers                                       ; On                 ; On                 ;
; Ignore CARRY Buffers                                             ; Off                ; Off                ;
; Ignore CASCADE Buffers                                           ; Off                ; Off                ;
; Ignore GLOBAL Buffers                                            ; Off                ; Off                ;
; Ignore ROW GLOBAL Buffers                                        ; Off                ; Off                ;
; Ignore LCELL Buffers                                             ; Off                ; Off                ;
; Ignore SOFT Buffers                                              ; On                 ; On                 ;
; Limit AHDL Integers to 32 Bits                                   ; Off                ; Off                ;
; Optimization Technique                                           ; Balanced           ; Balanced           ;
; Carry Chain Length                                               ; 70                 ; 70                 ;
; Auto Carry Chains                                                ; On                 ; On                 ;
; Auto Open-Drain Pins                                             ; On                 ; On                 ;
; Perform WYSIWYG Primitive Resynthesis                            ; Off                ; Off                ;
; Auto ROM Replacement                                             ; On                 ; On                 ;
; Auto RAM Replacement                                             ; On                 ; On                 ;
; Auto DSP Block Replacement                                       ; On                 ; On                 ;
; Auto Shift Register Replacement                                  ; Auto               ; Auto               ;
; Allow Shift Register Merging across Hierarchies                  ; Auto               ; Auto               ;
; Auto Clock Enable Replacement                                    ; On                 ; On                 ;
; Strict RAM Replacement                                           ; Off                ; Off                ;
; Allow Synchronous Control Signals                                ; On                 ; On                 ;
; Force Use of Synchronous Clear Signals                           ; Off                ; Off                ;
; Auto RAM Block Balancing                                         ; On                 ; On                 ;
; Auto RAM to Logic Cell Conversion                                ; Off                ; Off                ;
; Auto Resource Sharing                                            ; Off                ; Off                ;
; Allow Any RAM Size For Recognition                               ; Off                ; Off                ;
; Allow Any ROM Size For Recognition                               ; Off                ; Off                ;
; Allow Any Shift Register Size For Recognition                    ; Off                ; Off                ;
; Use LogicLock Constraints during Resource Balancing              ; On                 ; On                 ;
; Ignore translate_off and synthesis_off directives                ; Off                ; Off                ;
; Timing-Driven Synthesis                                          ; On                 ; On                 ;
; Report Parameter Settings                                        ; On                 ; On                 ;
; Report Source Assignments                                        ; On                 ; On                 ;
; Report Connectivity Checks                                       ; On                 ; On                 ;
; Ignore Maximum Fan-Out Assignments                               ; Off                ; Off                ;
; Synchronization Register Chain Length                            ; 2                  ; 2                  ;
; Power Optimization During Synthesis                              ; Normal compilation ; Normal compilation ;
; HDL message level                                                ; Level2             ; Level2             ;
; Suppress Register Optimization Related Messages                  ; Off                ; Off                ;
; Number of Removed Registers Reported in Synthesis Report         ; 5000               ; 5000               ;
; Number of Swept Nodes Reported in Synthesis Report               ; 5000               ; 5000               ;
; Number of Inverted Registers Reported in Synthesis Report        ; 100                ; 100                ;
; Clock MUX Protection                                             ; On                 ; On                 ;
; Auto Gated Clock Conversion                                      ; Off                ; Off                ;
; Block Design Naming                                              ; Auto               ; Auto               ;
; SDC constraint protection                                        ; Off                ; Off                ;
; Synthesis Effort                                                 ; Auto               ; Auto               ;
; Shift Register Replacement - Allow Asynchronous Clear Signal     ; On                 ; On                 ;
; Pre-Mapping Resynthesis Optimization                             ; Off                ; Off                ;
; Analysis & Synthesis Message Level                               ; Medium             ; Medium             ;
; Disable Register Merging Across Hierarchies                      ; Auto               ; Auto               ;
; Resource Aware Inference For Block RAM                           ; On                 ; On                 ;
+------------------------------------------------------------------+--------------------+--------------------+


+------------------------------------------+
; Parallel Compilation                     ;
+----------------------------+-------------+
; Processors                 ; Number      ;
+----------------------------+-------------+
; Number detected on machine ; 4           ;
; Maximum allowed            ; 2           ;
;                            ;             ;
; Average used               ; 1.00        ;
; Maximum used               ; 1           ;
;                            ;             ;
; Usage by Processor         ; % Time Used ;
;     Processor 1            ; 100.0%      ;
+----------------------------+-------------+


+-------------------------------+
; Analysis & Synthesis Messages ;
+-------------------------------+
Info: *******************************************************************
Info: Running Quartus Prime Analysis & Synthesis
    Info: Version 20.1.0 Build 711 06/05/2020 SJ Lite Edition
    Info: Processing started: Thu Dec 17 20:32:02 2020
Info: Command: quartus_map --read_settings_files=on --write_settings_files=off test_VGA -c test_VGA
Warning (18236): Number of processors has not been specified which may cause overloading on shared machines.  Set the global assignment NUM_PARALLEL_PROCESSORS in your QSF to an appropriate value for best performance.
Info (20030): Parallel compilation is enabled and will use 2 of the 2 processors detected
Info (12021): Found 1 design units, including 1 entities, in source file scr/pll/clk50to85m.v
    Info (12023): Found entity 1: clk50to85M File: C:/Users/USER/Documents/2020-2/electronica digital l/github/wp01-vga-grupo05/hdl/quartus/scr/PLL/clk50to85M.v Line: 40
Warning (10090): Verilog HDL syntax warning at FSM_game.v(202): extra block comment delimiter characters /* within block comment File: C:/Users/USER/Documents/2020-2/electronica digital l/github/wp01-vga-grupo05/hdl/quartus/scr/FSM_game.v Line: 202
Info (12021): Found 1 design units, including 1 entities, in source file scr/fsm_game.v
    Info (12023): Found entity 1: FSM_game File: C:/Users/USER/Documents/2020-2/electronica digital l/github/wp01-vga-grupo05/hdl/quartus/scr/FSM_game.v Line: 5
Info (12021): Found 1 design units, including 1 entities, in source file scr/vga_driver.v
    Info (12023): Found entity 1: VGA_Driver640x480 File: C:/Users/USER/Documents/2020-2/electronica digital l/github/wp01-vga-grupo05/hdl/quartus/scr/VGA_driver.v Line: 2
Info (12021): Found 1 design units, including 1 entities, in source file scr/test_vga.v
    Info (12023): Found entity 1: test_VGA File: C:/Users/USER/Documents/2020-2/electronica digital l/github/wp01-vga-grupo05/hdl/quartus/scr/test_VGA.v Line: 3
Info (12021): Found 1 design units, including 1 entities, in source file scr/buffer_ram_dp.v
    Info (12023): Found entity 1: buffer_ram_dp File: C:/Users/USER/Documents/2020-2/electronica digital l/github/wp01-vga-grupo05/hdl/quartus/scr/buffer_ram_dp.v Line: 2
Warning (10222): Verilog HDL Parameter Declaration warning at FSM_game.v(25): Parameter Declaration in module "FSM_game" behaves as a Local Parameter Declaration because the module has a Module Parameter Port List File: C:/Users/USER/Documents/2020-2/electronica digital l/github/wp01-vga-grupo05/hdl/quartus/scr/FSM_game.v Line: 25
Warning (10222): Verilog HDL Parameter Declaration warning at FSM_game.v(26): Parameter Declaration in module "FSM_game" behaves as a Local Parameter Declaration because the module has a Module Parameter Port List File: C:/Users/USER/Documents/2020-2/electronica digital l/github/wp01-vga-grupo05/hdl/quartus/scr/FSM_game.v Line: 26
Warning (10222): Verilog HDL Parameter Declaration warning at FSM_game.v(27): Parameter Declaration in module "FSM_game" behaves as a Local Parameter Declaration because the module has a Module Parameter Port List File: C:/Users/USER/Documents/2020-2/electronica digital l/github/wp01-vga-grupo05/hdl/quartus/scr/FSM_game.v Line: 27
Warning (10222): Verilog HDL Parameter Declaration warning at FSM_game.v(28): Parameter Declaration in module "FSM_game" behaves as a Local Parameter Declaration because the module has a Module Parameter Port List File: C:/Users/USER/Documents/2020-2/electronica digital l/github/wp01-vga-grupo05/hdl/quartus/scr/FSM_game.v Line: 28
Warning (10222): Verilog HDL Parameter Declaration warning at FSM_game.v(29): Parameter Declaration in module "FSM_game" behaves as a Local Parameter Declaration because the module has a Module Parameter Port List File: C:/Users/USER/Documents/2020-2/electronica digital l/github/wp01-vga-grupo05/hdl/quartus/scr/FSM_game.v Line: 29
Warning (10222): Verilog HDL Parameter Declaration warning at FSM_game.v(31): Parameter Declaration in module "FSM_game" behaves as a Local Parameter Declaration because the module has a Module Parameter Port List File: C:/Users/USER/Documents/2020-2/electronica digital l/github/wp01-vga-grupo05/hdl/quartus/scr/FSM_game.v Line: 31
Warning (10222): Verilog HDL Parameter Declaration warning at FSM_game.v(32): Parameter Declaration in module "FSM_game" behaves as a Local Parameter Declaration because the module has a Module Parameter Port List File: C:/Users/USER/Documents/2020-2/electronica digital l/github/wp01-vga-grupo05/hdl/quartus/scr/FSM_game.v Line: 32
Warning (10222): Verilog HDL Parameter Declaration warning at FSM_game.v(33): Parameter Declaration in module "FSM_game" behaves as a Local Parameter Declaration because the module has a Module Parameter Port List File: C:/Users/USER/Documents/2020-2/electronica digital l/github/wp01-vga-grupo05/hdl/quartus/scr/FSM_game.v Line: 33
Warning (10222): Verilog HDL Parameter Declaration warning at FSM_game.v(34): Parameter Declaration in module "FSM_game" behaves as a Local Parameter Declaration because the module has a Module Parameter Port List File: C:/Users/USER/Documents/2020-2/electronica digital l/github/wp01-vga-grupo05/hdl/quartus/scr/FSM_game.v Line: 34
Warning (10222): Verilog HDL Parameter Declaration warning at FSM_game.v(35): Parameter Declaration in module "FSM_game" behaves as a Local Parameter Declaration because the module has a Module Parameter Port List File: C:/Users/USER/Documents/2020-2/electronica digital l/github/wp01-vga-grupo05/hdl/quartus/scr/FSM_game.v Line: 35
Warning (10222): Verilog HDL Parameter Declaration warning at FSM_game.v(54): Parameter Declaration in module "FSM_game" behaves as a Local Parameter Declaration because the module has a Module Parameter Port List File: C:/Users/USER/Documents/2020-2/electronica digital l/github/wp01-vga-grupo05/hdl/quartus/scr/FSM_game.v Line: 54
Error (10989): SystemVerilog error at FSM_game.v(59): can't declare packed array dimension with a single-valued range File: C:/Users/USER/Documents/2020-2/electronica digital l/github/wp01-vga-grupo05/hdl/quartus/scr/FSM_game.v Line: 59
Error (10219): Verilog HDL Continuous Assignment error at FSM_game.v(60): object "pos_init2" on left-hand side of assignment must have a net type File: C:/Users/USER/Documents/2020-2/electronica digital l/github/wp01-vga-grupo05/hdl/quartus/scr/FSM_game.v Line: 60
Warning (10222): Verilog HDL Parameter Declaration warning at FSM_game.v(223): Parameter Declaration in module "FSM_game" behaves as a Local Parameter Declaration because the module has a Module Parameter Port List File: C:/Users/USER/Documents/2020-2/electronica digital l/github/wp01-vga-grupo05/hdl/quartus/scr/FSM_game.v Line: 223
Info (144001): Generated suppressed messages file C:/Users/USER/Documents/2020-2/electronica digital l/github/wp01-vga-grupo05/hdl/quartus/output_files/test_VGA.map.smsg
Error: Quartus Prime Analysis & Synthesis was unsuccessful. 2 errors, 14 warnings
    Error: Peak virtual memory: 4704 megabytes
    Error: Processing ended: Thu Dec 17 20:32:20 2020
    Error: Elapsed time: 00:00:18
    Error: Total CPU time (on all processors): 00:00:39


+------------------------------------------+
; Analysis & Synthesis Suppressed Messages ;
+------------------------------------------+
The suppressed messages can be found in C:/Users/USER/Documents/2020-2/electronica digital l/github/wp01-vga-grupo05/hdl/quartus/output_files/test_VGA.map.smsg.


